report_date,contributor_lineup_reference_id,commodity_name,commodity_specification_codes,volume,unit,origin_code,destination_code,expected_cargo_loading_date,cargo_loading_date,cargo_discharged_date,cargo_status,carrier_id,carrier_name,carrier_status,carrier_dead_weight,export_location,import_location,export_terminal,import_terminal,eta,etb,etd,ata,atb,atd,agent,charterer,shipper,operator,comments
