report_date,contributor_lineup_reference_id,commodity_name,commodity_specification_codes,volume,unit,origin_code,destination_code,expected_cargo_loading_date,cargo_loading_date,cargo_discharged_date,cargo_status,carrier_id,carrier_name,carrier_status,carrier_dead_weight,export_location,import_location,export_terminal,import_terminal,eta,etb,etd,ata,atb,atd,agent,charterer,shipper,operator,comments
None,None,MAIZ,None,44000.0,MT,None,None,None,None,2023-04-25T00:00:00+00:00,None,None,AKSON SERIN,None,None,UCRANIA,Tarragona,None,None,None,None,None,None,None,None,None,BUNGE IBERICA,None,AROLA EUROPORTS,None
None,None,HABAS DE SOJA,None,58000.0,MT,None,None,None,None,2023-04-25T00:00:00+00:00,None,None,OMICRON SKY,None,None,BRASIL,Barcelona,None,None,None,None,None,None,None,None,None,CARGILL,None,MASIQUES CARGILL,None
None,None,TRIGO,None,33000.0,MT,None,None,None,None,2023-04-25T00:00:00+00:00,None,None,CARIBBEAN SPIRIT,None,None,RUMANIA,Valencia,None,None,None,None,None,None,None,None,None,CEFETRA IBERICA,None,ERSHIP TEMAGRA,None
None,None,TRIGO PANIFICABLE,None,42500.0,MT,None,None,None,None,2023-04-25T00:00:00+00:00,None,None,S RUMBA,None,None,RUMANIA,Castell√≥n,None,None,None,None,None,None,None,None,None,CARGILL,None,PORTSUR,None
